// Jest Snapshot v1, https://goo.gl/fbAQLP

exports[`Authentication main Container Should render 1`] = `
<Authentication
  isLoggedIn={false}
  setIsAuthenticationOpen={[Function]}
  toggleUserProfileModal={[Function]}
  updateErrorMessage={[Function]}
/>
`;
