// Jest Snapshot v1, https://goo.gl/fbAQLP

exports[`GameLog Container Should render 1`] = `
<GameLog
  debugLog=""
  dispatch={[Function]}
  height={100}
/>
`;
