// Jest Snapshot v1, https://goo.gl/fbAQLP

exports[`MatchView Container Should render 1`] = `
<Connect(Match)>
  <Match
    currentUsername=""
    getGameLogs={[Function]}
    getMatches={[Function]}
    getTopMatches={[Function]}
    loading={true}
    matches={Array []}
    topMatches={Array []}
  >
    <Grid
      bsClass="container"
      className=""
      componentClass="div"
      fluid={true}
    >
      <div
        className="container-fluid"
      >
        <Row
          bsClass="row"
          className="justify-content-between py-2 px-3"
          componentClass="div"
        >
          <div
            className="justify-content-between py-2 px-3 row"
          >
            <Col
              bsClass="col"
              className="text-light font-weight-bold my-auto"
              componentClass="div"
            >
              <div
                className="text-light font-weight-bold my-auto"
              >
                MATCHES
              </div>
            </Col>
          </div>
        </Row>
        <Row
          bsClass="row"
          componentClass="div"
        >
          <div
            className="row"
          >
            <div
              className="col d-flex justify-content-center mb-3"
            >
              <button
                className="undefined"
                onClick={[Function]}
              >
                 
                My Matches
                 
              </button>
            </div>
            <div
              className="col d-flex justify-content-center mb-3"
            >
              <button
                className=""
                onClick={[Function]}
              >
                 
                Top Matches
                 
              </button>
            </div>
          </div>
        </Row>
        <Row
          bsClass="row"
          className="mb-2"
          componentClass="div"
        >
          <div
            className="mb-2 row"
          >
            <div
              className="ml-5"
            >
               Nothing to show 
            </div>
          </div>
        </Row>
        <Row
          bsClass="row"
          componentClass="div"
        >
          <div
            className="row"
          >
            <Col
              bsClass="col"
              className="d-flex justify-content-center"
              componentClass="div"
              style={
                Object {
                  "margin": "10px",
                  "width": "100vw",
                }
              }
            >
              <div
                className="d-flex justify-content-center"
                style={
                  Object {
                    "margin": "10px",
                    "width": "100vw",
                  }
                }
              >
                <PaginationBoxView
                  activeClassName="active"
                  activeLinkClassName="active"
                  breakClassName="break-me"
                  breakLabel="..."
                  containerClassName="pagination"
                  disableInitialCallback={false}
                  disabledClassName="disabled"
                  marginPagesDisplayed={1}
                  nextClassName="next"
                  nextLabel={
                    <span>
                      <FontAwesomeIcon
                        border={false}
                        className=""
                        fixedWidth={false}
                        flip={null}
                        icon={
                          Object {
                            "icon": Array [
                              192,
                              512,
                              Array [],
                              "f0da",
                              "M0 384.662V127.338c0-17.818 21.543-26.741 34.142-14.142l128.662 128.662c7.81 7.81 7.81 20.474 0 28.284L34.142 398.804C21.543 411.404 0 402.48 0 384.662z",
                            ],
                            "iconName": "caret-right",
                            "prefix": "fas",
                          }
                        }
                        inverse={false}
                        listItem={false}
                        mask={null}
                        pull={null}
                        pulse={false}
                        rotation={null}
                        size={null}
                        spin={false}
                        symbol={false}
                        title=""
                        transform={null}
                      />
                       
                      <FontAwesomeIcon
                        border={false}
                        className=""
                        fixedWidth={false}
                        flip={null}
                        icon={
                          Object {
                            "icon": Array [
                              192,
                              512,
                              Array [],
                              "f0da",
                              "M0 384.662V127.338c0-17.818 21.543-26.741 34.142-14.142l128.662 128.662c7.81 7.81 7.81 20.474 0 28.284L34.142 398.804C21.543 411.404 0 402.48 0 384.662z",
                            ],
                            "iconName": "caret-right",
                            "prefix": "fas",
                          }
                        }
                        inverse={false}
                        listItem={false}
                        mask={null}
                        pull={null}
                        pulse={false}
                        rotation={null}
                        size={null}
                        spin={false}
                        symbol={false}
                        title=""
                        transform={null}
                      />
                    </span>
                  }
                  onPageChange={[Function]}
                  pageClassName="atag"
                  pageCount={0}
                  pageRangeDisplayed={2}
                  previousClassName="previous"
                  previousLabel={
                    <span>
                      <FontAwesomeIcon
                        border={false}
                        className=""
                        fixedWidth={false}
                        flip={null}
                        icon={
                          Object {
                            "icon": Array [
                              192,
                              512,
                              Array [],
                              "f0d9",
                              "M192 127.338v257.324c0 17.818-21.543 26.741-34.142 14.142L29.196 270.142c-7.81-7.81-7.81-20.474 0-28.284l128.662-128.662c12.599-12.6 34.142-3.676 34.142 14.142z",
                            ],
                            "iconName": "caret-left",
                            "prefix": "fas",
                          }
                        }
                        inverse={false}
                        listItem={false}
                        mask={null}
                        pull={null}
                        pulse={false}
                        rotation={null}
                        size={null}
                        spin={false}
                        symbol={false}
                        title=""
                        transform={null}
                      />
                       
                      <FontAwesomeIcon
                        border={false}
                        className=""
                        fixedWidth={false}
                        flip={null}
                        icon={
                          Object {
                            "icon": Array [
                              192,
                              512,
                              Array [],
                              "f0d9",
                              "M192 127.338v257.324c0 17.818-21.543 26.741-34.142 14.142L29.196 270.142c-7.81-7.81-7.81-20.474 0-28.284l128.662-128.662c12.599-12.6 34.142-3.676 34.142 14.142z",
                            ],
                            "iconName": "caret-left",
                            "prefix": "fas",
                          }
                        }
                        inverse={false}
                        listItem={false}
                        mask={null}
                        pull={null}
                        pulse={false}
                        rotation={null}
                        size={null}
                        spin={false}
                        symbol={false}
                        title=""
                        transform={null}
                      />
                    </span>
                  }
                >
                  <ul
                    className="pagination"
                  >
                    <li
                      className="previous disabled"
                    >
                      <a
                        aria-disabled="true"
                        onClick={[Function]}
                        onKeyPress={[Function]}
                        role="button"
                        tabIndex="0"
                      >
                        <span>
                          <FontAwesomeIcon
                            border={false}
                            className=""
                            fixedWidth={false}
                            flip={null}
                            icon={
                              Object {
                                "icon": Array [
                                  192,
                                  512,
                                  Array [],
                                  "f0d9",
                                  "M192 127.338v257.324c0 17.818-21.543 26.741-34.142 14.142L29.196 270.142c-7.81-7.81-7.81-20.474 0-28.284l128.662-128.662c12.599-12.6 34.142-3.676 34.142 14.142z",
                                ],
                                "iconName": "caret-left",
                                "prefix": "fas",
                              }
                            }
                            inverse={false}
                            listItem={false}
                            mask={null}
                            pull={null}
                            pulse={false}
                            rotation={null}
                            size={null}
                            spin={false}
                            symbol={false}
                            title=""
                            transform={null}
                          >
                            <svg
                              aria-hidden="true"
                              className="svg-inline--fa fa-caret-left fa-w-6 "
                              data-icon="caret-left"
                              data-prefix="fas"
                              role="img"
                              style={Object {}}
                              viewBox="0 0 192 512"
                              xmlns="http://www.w3.org/2000/svg"
                            >
                              <path
                                d="M192 127.338v257.324c0 17.818-21.543 26.741-34.142 14.142L29.196 270.142c-7.81-7.81-7.81-20.474 0-28.284l128.662-128.662c12.599-12.6 34.142-3.676 34.142 14.142z"
                                fill="currentColor"
                                style={Object {}}
                              />
                            </svg>
                          </FontAwesomeIcon>
                           
                          <FontAwesomeIcon
                            border={false}
                            className=""
                            fixedWidth={false}
                            flip={null}
                            icon={
                              Object {
                                "icon": Array [
                                  192,
                                  512,
                                  Array [],
                                  "f0d9",
                                  "M192 127.338v257.324c0 17.818-21.543 26.741-34.142 14.142L29.196 270.142c-7.81-7.81-7.81-20.474 0-28.284l128.662-128.662c12.599-12.6 34.142-3.676 34.142 14.142z",
                                ],
                                "iconName": "caret-left",
                                "prefix": "fas",
                              }
                            }
                            inverse={false}
                            listItem={false}
                            mask={null}
                            pull={null}
                            pulse={false}
                            rotation={null}
                            size={null}
                            spin={false}
                            symbol={false}
                            title=""
                            transform={null}
                          >
                            <svg
                              aria-hidden="true"
                              className="svg-inline--fa fa-caret-left fa-w-6 "
                              data-icon="caret-left"
                              data-prefix="fas"
                              role="img"
                              style={Object {}}
                              viewBox="0 0 192 512"
                              xmlns="http://www.w3.org/2000/svg"
                            >
                              <path
                                d="M192 127.338v257.324c0 17.818-21.543 26.741-34.142 14.142L29.196 270.142c-7.81-7.81-7.81-20.474 0-28.284l128.662-128.662c12.599-12.6 34.142-3.676 34.142 14.142z"
                                fill="currentColor"
                                style={Object {}}
                              />
                            </svg>
                          </FontAwesomeIcon>
                        </span>
                      </a>
                    </li>
                    <li
                      className="next"
                    >
                      <a
                        aria-disabled="false"
                        onClick={[Function]}
                        onKeyPress={[Function]}
                        role="button"
                        tabIndex="0"
                      >
                        <span>
                          <FontAwesomeIcon
                            border={false}
                            className=""
                            fixedWidth={false}
                            flip={null}
                            icon={
                              Object {
                                "icon": Array [
                                  192,
                                  512,
                                  Array [],
                                  "f0da",
                                  "M0 384.662V127.338c0-17.818 21.543-26.741 34.142-14.142l128.662 128.662c7.81 7.81 7.81 20.474 0 28.284L34.142 398.804C21.543 411.404 0 402.48 0 384.662z",
                                ],
                                "iconName": "caret-right",
                                "prefix": "fas",
                              }
                            }
                            inverse={false}
                            listItem={false}
                            mask={null}
                            pull={null}
                            pulse={false}
                            rotation={null}
                            size={null}
                            spin={false}
                            symbol={false}
                            title=""
                            transform={null}
                          >
                            <svg
                              aria-hidden="true"
                              className="svg-inline--fa fa-caret-right fa-w-6 "
                              data-icon="caret-right"
                              data-prefix="fas"
                              role="img"
                              style={Object {}}
                              viewBox="0 0 192 512"
                              xmlns="http://www.w3.org/2000/svg"
                            >
                              <path
                                d="M0 384.662V127.338c0-17.818 21.543-26.741 34.142-14.142l128.662 128.662c7.81 7.81 7.81 20.474 0 28.284L34.142 398.804C21.543 411.404 0 402.48 0 384.662z"
                                fill="currentColor"
                                style={Object {}}
                              />
                            </svg>
                          </FontAwesomeIcon>
                           
                          <FontAwesomeIcon
                            border={false}
                            className=""
                            fixedWidth={false}
                            flip={null}
                            icon={
                              Object {
                                "icon": Array [
                                  192,
                                  512,
                                  Array [],
                                  "f0da",
                                  "M0 384.662V127.338c0-17.818 21.543-26.741 34.142-14.142l128.662 128.662c7.81 7.81 7.81 20.474 0 28.284L34.142 398.804C21.543 411.404 0 402.48 0 384.662z",
                                ],
                                "iconName": "caret-right",
                                "prefix": "fas",
                              }
                            }
                            inverse={false}
                            listItem={false}
                            mask={null}
                            pull={null}
                            pulse={false}
                            rotation={null}
                            size={null}
                            spin={false}
                            symbol={false}
                            title=""
                            transform={null}
                          >
                            <svg
                              aria-hidden="true"
                              className="svg-inline--fa fa-caret-right fa-w-6 "
                              data-icon="caret-right"
                              data-prefix="fas"
                              role="img"
                              style={Object {}}
                              viewBox="0 0 192 512"
                              xmlns="http://www.w3.org/2000/svg"
                            >
                              <path
                                d="M0 384.662V127.338c0-17.818 21.543-26.741 34.142-14.142l128.662 128.662c7.81 7.81 7.81 20.474 0 28.284L34.142 398.804C21.543 411.404 0 402.48 0 384.662z"
                                fill="currentColor"
                                style={Object {}}
                              />
                            </svg>
                          </FontAwesomeIcon>
                        </span>
                      </a>
                    </li>
                  </ul>
                </PaginationBoxView>
              </div>
            </Col>
          </div>
        </Row>
      </div>
    </Grid>
  </Match>
</Connect(Match)>
`;
