// Jest Snapshot v1, https://goo.gl/fbAQLP

exports[`Notification Container Should render Notification 1`] = `
<Notification
  deleteNotificationType={[Function]}
  getAllGlobalNotifications={[Function]}
  loading={false}
  notifications={Array []}
/>
`;
